locale/common/effect/gm.mse texture locale\common\effect\ymirred.tga
locale/common/effect/gm.mse submitted part=0 src=5 dst=6 color=4 fog=0
d:/ymir work/effect/etc/click/click_select.mse texture d:\ymir work\effect\etc\click\click_select_vertical.tga
d:/ymir work/effect/etc/click/click_select.mse submitted part=1 src=5 dst=6 color=4 fog=0
d:/ymir work/effect/etc/click/click_select.mse texture d:\ymir work\effect\etc\click\click_select.tga
d:/ymir work/effect/etc/dust/dust.mse texture d:\ymir work\effect\etc\dust\dust.dds
d:/ymir work/effect/etc/dust/dust.mse submitted part=0 src=5 dst=2 color=4 fog=0
d:/ymir work/pc/common/effect/armor/armor-4-2-2.mse texture d:\ymir work\pc\common\effect\armor\aura1.dds
d:/ymir work/pc/common/effect/armor/armor-4-2-2.mse submitted part=0 src=5 dst=2 color=4 fog=0
d:/ymir work/pc/common/effect/armor/armor-4-2-1.mse texture d:\ymir work\pc\common\effect\armor\water1.dds
d:/ymir work/pc/common/effect/armor/armor-4-2-1.mse submitted part=0 src=5 dst=2 color=4 fog=0
d:/ymir work/pc/common/effect/armor/armor_9.mse texture d:\ymir work\pc\common\effect\armor\orange_cure copy.jpg
d:/ymir work/pc/common/effect/armor/armor_9.mse submitted part=0 src=5 dst=2 color=4 fog=0
d:/ymir work/pc/common/effect/armor/armor_9.mse texture d:\ymir work\pc\common\effect\armor\gwi_geom_spark copy.jpg
d:/ymir work/pc/common/effect/sword/sword_9.mse texture d:\ymir work\pc\common\effect\sword\gwi_geom_spark copy.jpg
d:/ymir work/pc/common/effect/sword/sword_9.mse submitted part=0 src=5 dst=2 color=4 fog=0
d:/ymir work/pc/common/effect/sword/sword_9.mse texture d:\ymir work\pc\warrior\effect\orange_cure copy.dds
d:/ymir work/effect/etc/recuperation/autodrugup_blue.mse texture d:\ymir work\effect\etc\recuperation\light00.dds
d:/ymir work/effect/etc/recuperation/autodrugup_blue.mse submitted part=1 src=3 dst=2 color=4 fog=0
d:/ymir work/effect/etc/recuperation/autodrugup_red.mse texture d:\ymir work\effect\etc\recuperation\light00.dds
d:/ymir work/effect/etc/recuperation/autodrugup_red.mse submitted part=1 src=3 dst=2 color=4 fog=0
d:/ymir work/effect/etc/recuperation/autodrugup_blue.mse texture d:\ymir work\effect\etc\recuperation\hp_ring.dds
d:/ymir work/effect/etc/recuperation/autodrugup_blue.mse submitted part=0 src=5 dst=2 color=5 fog=0
d:/ymir work/effect/etc/recuperation/autodrugup_red.mse texture d:\ymir work\effect\etc\recuperation\hp_ring.dds
d:/ymir work/effect/etc/recuperation/autodrugup_red.mse submitted part=0 src=5 dst=2 color=5 fog=0
d:/ymir work/effect/etc/direction/direction_land.mse texture d:\ymir work\effect\etc\compass\compass copy.tga
d:/ymir work/effect/etc/direction/direction_land.mse submitted part=1 src=5 dst=2 color=4 fog=0
d:/ymir work/npc/lion_white/ice_smoke1.mse texture d:\ymir work\npc\lion_white\ice_smoke01.dds
d:/ymir work/npc/lion_white/ice_smoke1.mse submitted part=0 src=5 dst=2 color=4 fog=0
d:/ymir work/effect/etc/empire/empire_c.mse texture d:\ymir work\effect\etc\empire\empire_c_256.dds
d:/ymir work/effect/etc/empire/empire_c.mse submitted part=0 src=5 dst=6 color=4 fog=0
d:/ymir work/effect/etc/fall/fall_7.mse texture d:\ymir work\effect\etc\fall\fall_2.tga
d:/ymir work/effect/etc/fall/fall_7.mse submitted part=1 src=5 dst=6 color=4 fog=1
d:/ymir work/effect/etc/fall/fall_7.mse texture d:\ymir work\effect\etc\fall\fall_smoke.dds
d:/ymir work/effect/etc/fall/fall_7.mse submitted part=0 src=5 dst=6 color=4 fog=1
d:/ymir work/effect/etc/fall/fall_7.mse texture d:\ymir work\effect\etc\fall\fall_smoke_bottom.dds
d:/ymir work/effect/background/fire_general_obj_charcoal.mse texture d:\ymir work\pc\assassin\effect\f1.dds
d:/ymir work/effect/background/fire_general_obj_charcoal.mse submitted part=0 src=5 dst=2 color=4 fog=1
d:/ymir work/effect/background/fire_general_obj_charcoal.mse texture d:\ymir work\pc\assassin\effect\f2.dds
d:/ymir work/effect/background/fire_general_obj_charcoal.mse texture d:\ymir work\pc\assassin\effect\f3.dds
d:/ymir work/effect/background/fire_general_obj_charcoal.mse submitted part=0 src=5 dst=2 color=5 fog=1
d:/ymir work/effect/etc/dust/running_dust.mse texture d:\ymir work\effect\monster\yeongi.dds
d:/ymir work/effect/etc/dust/running_dust.mse submitted part=0 src=5 dst=2 color=4 fog=0
d:/ymir work/effect/etc/dust/running_dust.mse texture d:\ymir work\effect\monster\cold_smoke.dds
weapon-trace submitted part=2 src=5 dst=6 color=2 fog=1
d:/ymir work/effect/etc/click/click_glow_select.mse texture d:\ymir work\effect\etc\click\click_select_vertical.tga
d:/ymir work/effect/etc/click/click_glow_select.mse submitted part=1 src=5 dst=6 color=4 fog=0
d:/ymir work/effect/etc/click/click_glow_select.mse texture d:\ymir work\effect\etc\click\click_select.tga
d:/ymir work/effect/etc/click/click_glow_select.mse texture d:\ymir work\effect\etc\click\click_glow_select_vertical copy.jpg
d:/ymir work/effect/etc/click/click_glow_select.mse submitted part=1 src=5 dst=2 color=4 fog=0
d:/ymir work/effect/etc/click/click_glow_select.mse texture d:\ymir work\effect\etc\click\click_glow_select copy.jpg
d:/ymir work/effect/hit/blow_1/blow_1_low.mse texture d:\ymir work\effect\hit\blow_1\half_ring_rainbow_line.dds
d:/ymir work/effect/hit/blow_1/blow_1_low.mse submitted part=0 src=5 dst=2 color=4 fog=0
d:/ymir work/effect/hit/blow_1/blow_1_low.mse texture d:\ymir work\effect\hit\blow_1\line_ring_copy.dds
d:/ymir work/effect/hit/blow_1/blow_1_low.mse texture d:\ymir work\effect\hit\blow_1\yeongi.dds
d:/ymir work/effect/hit/blow_1/blow_1_low.mse texture d:\ymir work\effect\hit\blow_1\7-2.dds
d:/ymir work/effect/etc/stun/stun.mse texture d:\ymir work\effect\etc\stun\2-star.dds
d:/ymir work/effect/etc/stun/stun.mse submitted part=0 src=3 dst=2 color=4 fog=0
d:/ymir work/effect/etc/stun/stun.mse texture d:\ymir work\effect\etc\stun\none.dds
d:/ymir work/effect/affect/damagevalue/target.mse texture d:\ymir work\effect\affect\damagevalue\target_7.dds
d:/ymir work/effect/affect/damagevalue/target.mse submitted part=0 src=5 dst=6 color=4 fog=0
d:/ymir work/effect/affect/damagevalue/target.mse texture d:\ymir work\effect\affect\damagevalue\target_8.dds
d:/ymir work/effect/affect/damagevalue/target.mse texture d:\ymir work\effect\affect\damagevalue\target_9.dds
d:/ymir work/effect/etc/stun/stun.mse texture d:\ymir work\effect\etc\stun\stum_inter_pasthit.dds
d:/ymir work/effect/etc/stun/stun.mse submitted part=0 src=5 dst=2 color=4 fog=0
d:/ymir work/effect/etc/stun/stun.mse texture d:\ymir work\effect\etc\stun\2-starsmall.dds
flying-trace submitted part=3 src=5 dst=2 color=2 fog=0
d:/ymir work/effect/etc/gathering/ga_piece_yellow2.mse texture d:\ymir work\effect\etc\gathering\ga_piece_yellow.dds
d:/ymir work/effect/etc/gathering/ga_piece_yellow2.mse submitted part=0 src=5 dst=2 color=4 fog=0
d:/ymir work/effect/etc/gathering/ga_center_small_yellow.mse texture d:\ymir work\effect\etc\gathering\ga_center_small_yellow.dds
d:/ymir work/effect/etc/gathering/ga_center_small_yellow.mse submitted part=0 src=5 dst=2 color=4 fog=0
d:/ymir work/effect/etc/gathering/ga_center_small_yellow.mse texture d:\ymir work\effect\etc\gathering\ga_chips copy.dds
d:/ymir work/effect/etc/click/click.mse texture d:\ymir work\effect\etc\click\yy.dds
d:/ymir work/effect/etc/click/click.mse submitted part=0 src=5 dst=2 color=4 fog=0
d:/ymir work/effect/etc/click/click.mse texture d:\ymir work\effect\etc\click\up.dds
d:/ymir work/effect/etc/click/click.mse texture d:\ymir work\effect\etc\click\untitled-1 copy.jpg
d:/ymir work/effect/etc/click/click.mse submitted part=1 src=5 dst=2 color=4 fog=0
d:/ymir work/effect/background/warpgate03.mse texture d:\ymir work\effect\background\lens_violet_twril.dds
d:/ymir work/effect/background/warpgate03.mse submitted part=1 src=5 dst=6 color=4 fog=1
d:/ymir work/effect/background/warpgate01_yview.mse texture d:\ymir work\effect\background\lens_violet_twril.dds
d:/ymir work/effect/background/warpgate01_yview.mse submitted part=1 src=5 dst=2 color=4 fog=1
d:/ymir work/effect/background/warpgate01_yview.mse submitted part=1 src=5 dst=6 color=4 fog=1
d:/ymir work/effect/affect/damagevalue/damage.mse texture d:\ymir work\effect\affect\damagevalue\damage_3.dds
d:/ymir work/effect/affect/damagevalue/damage.mse submitted part=0 src=5 dst=6 color=4 fog=0
d:/ymir work/effect/affect/damagevalue/target.mse texture d:\ymir work\effect\affect\damagevalue\target_4.dds
d:/ymir work/effect/affect/damagevalue/target.mse texture d:\ymir work\effect\affect\damagevalue\target_1.dds
d:/ymir work/effect/affect/damagevalue/target.mse texture d:\ymir work\effect\affect\damagevalue\target_6.dds
d:/ymir work/effect/affect/damagevalue/target.mse texture d:\ymir work\effect\affect\damagevalue\target_5.dds
d:/ymir work/effect/affect/damagevalue/damage_1.mse texture d:\ymir work\effect\affect\damagevalue\damage_3.dds
d:/ymir work/effect/affect/damagevalue/damage_1.mse submitted part=0 src=5 dst=6 color=4 fog=0
d:/ymir work/effect/affect/damagevalue/damage.mse texture d:\ymir work\effect\affect\damagevalue\damage_5.dds
d:/ymir work/effect/affect/damagevalue/damage_1.mse texture d:\ymir work\effect\affect\damagevalue\damage_7.dds
d:/ymir work/effect/affect/damagevalue/target.mse texture d:\ymir work\effect\affect\damagevalue\target_3.dds
d:/ymir work/effect/affect/damagevalue/target.mse texture d:\ymir work\effect\affect\damagevalue\target_0.dds
d:/ymir work/effect/affect/damagevalue/damage.mse texture d:\ymir work\effect\affect\damagevalue\damage_9.dds
d:/ymir work/effect/affect/damagevalue/damage.mse texture d:\ymir work\effect\affect\damagevalue\damage_1.dds
d:/ymir work/effect/affect/damagevalue/damage_1.mse texture d:\ymir work\effect\affect\damagevalue\damage_0.dds
d:/ymir work/effect/affect/damagevalue/damage_1.mse texture d:\ymir work\effect\affect\damagevalue\damage_1.dds
d:/ymir work/effect/affect/damagevalue/damage.mse texture d:\ymir work\effect\affect\damagevalue\damage_7.dds
d:/ymir work/effect/affect/damagevalue/damage.mse texture d:\ymir work\effect\affect\damagevalue\damage_0.dds
d:/ymir work/effect/affect/damagevalue/damage.mse texture d:\ymir work\effect\affect\damagevalue\damage_2.dds
d:/ymir work/effect/affect/damagevalue/damage_1.mse texture d:\ymir work\effect\affect\damagevalue\damage_5.dds
d:/ymir work/effect/affect/damagevalue/target.mse texture d:\ymir work\effect\affect\damagevalue\target_2.dds
