captured branches=600 fronds=116 leaf_vertices=486 leaf_lods=4 asset=d:/ymir work/tree/b1_montereycypress_rt2.spt
captured branches=447 fronds=120 leaf_vertices=732 leaf_lods=4 asset=d:/ymir work/tree/b1_pagodatree_rt.spt
captured branches=282 fronds=100 leaf_vertices=654 leaf_lods=4 asset=d:/ymir work/tree/b1_beech_rt.spt
captured branches=825 fronds=160 leaf_vertices=672 leaf_lods=4 asset=d:/ymir work/tree/b1_montereycypress_rt5.spt
captured branches=560 fronds=108 leaf_vertices=612 leaf_lods=4 asset=d:/ymir work/tree/b1_montereycypress_rt.spt
captured branches=495 fronds=112 leaf_vertices=780 leaf_lods=4 asset=d:/ymir work/tree/b1_pagodatree_rt2.spt
captured branches=302 fronds=112 leaf_vertices=828 leaf_lods=4 asset=d:/ymir work/tree/b1_beech_rt2.spt
captured branches=282 fronds=92 leaf_vertices=588 leaf_lods=4 asset=d:/ymir work/tree/b3_beech_rt3.spt
captured branches=282 fronds=96 leaf_vertices=684 leaf_lods=4 asset=d:/ymir work/tree/b1_beech_rt4.spt
captured branches=865 fronds=188 leaf_vertices=1026 leaf_lods=4 asset=d:/ymir work/tree/b1_montereycypress_rt3.spt
captured branches=342 fronds=56 leaf_vertices=648 leaf_lods=4 asset=d:/ymir work/tree/b1_sassafras_rt_fall2.spt
captured branches=423 fronds=92 leaf_vertices=714 leaf_lods=4 asset=d:/ymir work/tree/b1_pagodatree_rt3.spt
captured branches=393 fronds=100 leaf_vertices=390 leaf_lods=4 asset=d:/ymir work/tree/b1_baobab_rt.spt
captured branches=520 fronds=96 leaf_vertices=600 leaf_lods=4 asset=d:/ymir work/tree/b1_montereycypress_rt4.spt
captured branches=342 fronds=56 leaf_vertices=714 leaf_lods=4 asset=d:/ymir work/tree/b1_sassafras_rt_fall.spt
captured branches=393 fronds=112 leaf_vertices=420 leaf_lods=4 asset=d:/ymir work/tree/b1_baobab_rt2.spt
submitted part=0 lod=0 alpha=84 blend=0 second=1 fog=1 asset=d:/ymir work/tree/b1_pagodatree_rt3.spt
submitted part=0 lod=0 alpha=84 blend=0 second=1 fog=1 asset=d:/ymir work/tree/b3_beech_rt3.spt
submitted part=1 lod=0 alpha=84 blend=0 second=1 fog=1 asset=d:/ymir work/tree/b1_pagodatree_rt3.spt
submitted part=1 lod=0 alpha=84 blend=0 second=1 fog=1 asset=d:/ymir work/tree/b3_beech_rt3.spt
submitted part=2 lod=0 alpha=84 blend=0 second=0 fog=4 asset=d:/ymir work/tree/b1_pagodatree_rt3.spt
submitted part=2 lod=0 alpha=84 blend=0 second=0 fog=4 asset=d:/ymir work/tree/b3_beech_rt3.spt
submitted part=0 lod=0 alpha=84 blend=0 second=1 fog=1 asset=d:/ymir work/tree/b1_pagodatree_rt2.spt
submitted part=1 lod=0 alpha=84 blend=0 second=1 fog=1 asset=d:/ymir work/tree/b1_pagodatree_rt2.spt
submitted part=2 lod=0 alpha=84 blend=0 second=0 fog=4 asset=d:/ymir work/tree/b1_pagodatree_rt2.spt
submitted part=0 lod=0 alpha=84 blend=0 second=1 fog=1 asset=d:/ymir work/tree/b1_beech_rt.spt
submitted part=0 lod=0 alpha=84 blend=0 second=1 fog=1 asset=d:/ymir work/tree/b1_sassafras_rt_fall.spt
submitted part=0 lod=0 alpha=84 blend=0 second=1 fog=1 asset=d:/ymir work/tree/b1_beech_rt4.spt
submitted part=1 lod=0 alpha=84 blend=0 second=1 fog=1 asset=d:/ymir work/tree/b1_beech_rt.spt
submitted part=1 lod=0 alpha=84 blend=0 second=1 fog=1 asset=d:/ymir work/tree/b1_sassafras_rt_fall.spt
submitted part=1 lod=0 alpha=84 blend=0 second=1 fog=1 asset=d:/ymir work/tree/b1_beech_rt4.spt
submitted part=2 lod=0 alpha=84 blend=0 second=0 fog=4 asset=d:/ymir work/tree/b1_beech_rt.spt
submitted part=2 lod=0 alpha=84 blend=0 second=0 fog=4 asset=d:/ymir work/tree/b1_sassafras_rt_fall.spt
submitted part=2 lod=0 alpha=84 blend=0 second=0 fog=4 asset=d:/ymir work/tree/b1_beech_rt4.spt
submitted part=0 lod=0 alpha=84 blend=0 second=1 fog=1 asset=d:/ymir work/tree/b1_montereycypress_rt5.spt
submitted part=0 lod=0 alpha=84 blend=0 second=1 fog=1 asset=d:/ymir work/tree/b1_montereycypress_rt.spt
submitted part=0 lod=0 alpha=84 blend=0 second=1 fog=1 asset=d:/ymir work/tree/b1_sassafras_rt_fall2.spt
submitted part=1 lod=0 alpha=84 blend=0 second=1 fog=1 asset=d:/ymir work/tree/b1_montereycypress_rt5.spt
submitted part=1 lod=0 alpha=84 blend=0 second=1 fog=1 asset=d:/ymir work/tree/b1_montereycypress_rt.spt
submitted part=1 lod=0 alpha=84 blend=0 second=1 fog=1 asset=d:/ymir work/tree/b1_sassafras_rt_fall2.spt
submitted part=2 lod=0 alpha=84 blend=0 second=0 fog=4 asset=d:/ymir work/tree/b1_montereycypress_rt5.spt
submitted part=2 lod=0 alpha=84 blend=0 second=0 fog=4 asset=d:/ymir work/tree/b1_montereycypress_rt.spt
submitted part=2 lod=0 alpha=84 blend=0 second=0 fog=4 asset=d:/ymir work/tree/b1_sassafras_rt_fall2.spt
submitted part=0 lod=0 alpha=84 blend=0 second=1 fog=1 asset=d:/ymir work/tree/b1_montereycypress_rt3.spt
submitted part=1 lod=0 alpha=84 blend=0 second=1 fog=1 asset=d:/ymir work/tree/b1_montereycypress_rt3.spt
submitted part=2 lod=0 alpha=84 blend=0 second=0 fog=4 asset=d:/ymir work/tree/b1_montereycypress_rt3.spt
submitted part=0 lod=0 alpha=84 blend=0 second=1 fog=1 asset=d:/ymir work/tree/b1_pagodatree_rt.spt
submitted part=1 lod=0 alpha=84 blend=0 second=1 fog=1 asset=d:/ymir work/tree/b1_pagodatree_rt.spt
submitted part=2 lod=0 alpha=84 blend=0 second=0 fog=4 asset=d:/ymir work/tree/b1_pagodatree_rt.spt
submitted part=0 lod=0 alpha=84 blend=0 second=1 fog=1 asset=d:/ymir work/tree/b1_montereycypress_rt4.spt
submitted part=1 lod=0 alpha=84 blend=0 second=1 fog=1 asset=d:/ymir work/tree/b1_montereycypress_rt4.spt
submitted part=2 lod=0 alpha=84 blend=0 second=0 fog=4 asset=d:/ymir work/tree/b1_montereycypress_rt4.spt
submitted part=0 lod=0 alpha=84 blend=0 second=1 fog=1 asset=d:/ymir work/tree/b1_beech_rt2.spt
submitted part=1 lod=0 alpha=84 blend=0 second=1 fog=1 asset=d:/ymir work/tree/b1_beech_rt2.spt
submitted part=2 lod=0 alpha=84 blend=0 second=0 fog=4 asset=d:/ymir work/tree/b1_beech_rt2.spt
submitted part=0 lod=0 alpha=84 blend=1 second=2 fog=0 asset=d:/ymir work/tree/b1_montereycypress_rt3.spt
submitted part=1 lod=0 alpha=84 blend=1 second=2 fog=0 asset=d:/ymir work/tree/b1_montereycypress_rt3.spt
submitted part=2 lod=0 alpha=84 blend=1 second=2 fog=0 asset=d:/ymir work/tree/b1_montereycypress_rt3.spt
submitted part=0 lod=0 alpha=84 blend=0 second=1 fog=1 asset=d:/ymir work/tree/b1_montereycypress_rt2.spt
submitted part=0 lod=0 alpha=84 blend=0 second=1 fog=1 asset=d:/ymir work/tree/b1_baobab_rt2.spt
submitted part=1 lod=0 alpha=84 blend=0 second=1 fog=1 asset=d:/ymir work/tree/b1_montereycypress_rt2.spt
submitted part=1 lod=0 alpha=84 blend=0 second=1 fog=1 asset=d:/ymir work/tree/b1_baobab_rt2.spt
submitted part=2 lod=0 alpha=84 blend=0 second=0 fog=4 asset=d:/ymir work/tree/b1_montereycypress_rt2.spt
submitted part=2 lod=0 alpha=84 blend=0 second=0 fog=4 asset=d:/ymir work/tree/b1_baobab_rt2.spt
submitted part=0 lod=0 alpha=84 blend=1 second=2 fog=0 asset=d:/ymir work/tree/b3_beech_rt3.spt
submitted part=1 lod=0 alpha=84 blend=1 second=2 fog=0 asset=d:/ymir work/tree/b3_beech_rt3.spt
submitted part=2 lod=0 alpha=84 blend=1 second=2 fog=0 asset=d:/ymir work/tree/b3_beech_rt3.spt
submitted part=0 lod=0 alpha=84 blend=1 second=2 fog=0 asset=d:/ymir work/tree/b1_montereycypress_rt4.spt
submitted part=1 lod=0 alpha=84 blend=1 second=2 fog=0 asset=d:/ymir work/tree/b1_montereycypress_rt4.spt
submitted part=2 lod=0 alpha=84 blend=1 second=2 fog=0 asset=d:/ymir work/tree/b1_montereycypress_rt4.spt
submitted part=0 lod=0 alpha=84 blend=0 second=1 fog=1 asset=d:/ymir work/tree/b1_baobab_rt.spt
submitted part=1 lod=0 alpha=84 blend=0 second=1 fog=1 asset=d:/ymir work/tree/b1_baobab_rt.spt
submitted part=2 lod=0 alpha=84 blend=0 second=0 fog=4 asset=d:/ymir work/tree/b1_baobab_rt.spt
submitted part=0 lod=0 alpha=84 blend=1 second=2 fog=0 asset=d:/ymir work/tree/b1_beech_rt4.spt
submitted part=1 lod=0 alpha=84 blend=1 second=2 fog=0 asset=d:/ymir work/tree/b1_beech_rt4.spt
submitted part=2 lod=0 alpha=84 blend=1 second=2 fog=0 asset=d:/ymir work/tree/b1_beech_rt4.spt
submitted part=0 lod=0 alpha=84 blend=1 second=2 fog=0 asset=d:/ymir work/tree/b1_beech_rt2.spt
submitted part=1 lod=0 alpha=84 blend=1 second=2 fog=0 asset=d:/ymir work/tree/b1_beech_rt2.spt
submitted part=2 lod=0 alpha=84 blend=1 second=2 fog=0 asset=d:/ymir work/tree/b1_beech_rt2.spt
submitted part=0 lod=0 alpha=84 blend=1 second=2 fog=0 asset=d:/ymir work/tree/b1_montereycypress_rt2.spt
submitted part=1 lod=0 alpha=84 blend=1 second=2 fog=0 asset=d:/ymir work/tree/b1_montereycypress_rt2.spt
submitted part=2 lod=0 alpha=84 blend=1 second=2 fog=0 asset=d:/ymir work/tree/b1_montereycypress_rt2.spt
submitted part=0 lod=0 alpha=84 blend=1 second=2 fog=0 asset=d:/ymir work/tree/b1_pagodatree_rt3.spt
submitted part=1 lod=0 alpha=84 blend=1 second=2 fog=0 asset=d:/ymir work/tree/b1_pagodatree_rt3.spt
submitted part=2 lod=0 alpha=84 blend=1 second=2 fog=0 asset=d:/ymir work/tree/b1_pagodatree_rt3.spt
submitted part=0 lod=0 alpha=84 blend=1 second=2 fog=0 asset=d:/ymir work/tree/b1_montereycypress_rt.spt
submitted part=1 lod=0 alpha=84 blend=1 second=2 fog=0 asset=d:/ymir work/tree/b1_montereycypress_rt.spt
submitted part=2 lod=0 alpha=84 blend=1 second=2 fog=0 asset=d:/ymir work/tree/b1_montereycypress_rt.spt
submitted part=0 lod=0 alpha=84 blend=1 second=2 fog=0 asset=d:/ymir work/tree/b1_sassafras_rt_fall2.spt
submitted part=1 lod=0 alpha=84 blend=1 second=2 fog=0 asset=d:/ymir work/tree/b1_sassafras_rt_fall2.spt
submitted part=2 lod=0 alpha=84 blend=1 second=2 fog=0 asset=d:/ymir work/tree/b1_sassafras_rt_fall2.spt
submitted part=0 lod=0 alpha=84 blend=1 second=2 fog=0 asset=d:/ymir work/tree/b1_pagodatree_rt.spt
submitted part=1 lod=0 alpha=84 blend=1 second=2 fog=0 asset=d:/ymir work/tree/b1_pagodatree_rt.spt
submitted part=2 lod=0 alpha=84 blend=1 second=2 fog=0 asset=d:/ymir work/tree/b1_pagodatree_rt.spt
